// Jest Snapshot v1, https://goo.gl/fbAQLP

exports[`Render App Assert snapshot 1`] = `<appComponentMock />`;
